// Jest Snapshot v1, https://goo.gl/fbAQLP

exports[`Pokemon matches snapshot 1`] = `Screen {}`;
